nohup: ignoring input
[2026-05-19 16:49:20] 🛡️ SKV Evolver v1.1 — Grok-4 + Auto-Trial Trigger (every 4h)
[2026-05-19 16:49:20] System load: 13%
[2026-05-19 16:49:20] ==================================================
[2026-05-19 16:49:20] 🔍 Deep audit cycle — Grok-4 analysis
[2026-05-19 16:49:20] ⚖️ Found 5 cube(s) pending trial
[2026-05-19 16:49:20]   🚀 Triggering trial for test_trial_v2...
[2026-05-19 16:49:20]   ⚖️ Trial complete — Verdict: fix
[2026-05-19 16:49:20]   🚀 Triggering trial for test_trial_auto_001...
[2026-05-19 16:49:20]   ⚖️ Trial complete — Verdict: fix
[2026-05-19 16:49:20]   🚀 Triggering trial for cube_const_anti_jailbreak_v1...
[2026-05-19 16:50:29]   ⚖️ Trial complete — Verdict: fix
[2026-05-19 16:50:29]   🚀 Triggering trial for persona_test_003...
[2026-05-19 16:51:14]   ⚖️ Trial complete — Verdict: fix
[2026-05-19 16:51:14]   🚀 Triggering trial for cube_php_form_addition_01_v1...
[2026-05-19 16:52:13]   ⚖️ Trial complete — Verdict: fix
[2026-05-19 16:52:13]   📦 cube_exp_file_backup_01
Traceback (most recent call last):
  File "/root/skv-core/tests/evolver.py", line 248, in <module>
    run_audit_cycle()
  File "/root/skv-core/tests/evolver.py", line 223, in run_audit_cycle
    verdict = deep_analyze(cube)
              ^^^^^^^^^^^^^^^^^^
  File "/root/skv-core/tests/evolver.py", line 111, in deep_analyze
    resp = json.loads(req.urlopen(r, timeout=60).read())
                      ^^^^^^^^^^^^^^^^^^^^^^^^^^
  File "/usr/lib/python3.12/urllib/request.py", line 215, in urlopen
    return opener.open(url, data, timeout)
           ^^^^^^^^^^^^^^^^^^^^^^^^^^^^^^^
  File "/usr/lib/python3.12/urllib/request.py", line 521, in open
    response = meth(req, response)
               ^^^^^^^^^^^^^^^^^^^
  File "/usr/lib/python3.12/urllib/request.py", line 630, in http_response
    response = self.parent.error(
               ^^^^^^^^^^^^^^^^^^
  File "/usr/lib/python3.12/urllib/request.py", line 559, in error
    return self._call_chain(*args)
           ^^^^^^^^^^^^^^^^^^^^^^^
  File "/usr/lib/python3.12/urllib/request.py", line 492, in _call_chain
    result = func(*args)
             ^^^^^^^^^^^
  File "/usr/lib/python3.12/urllib/request.py", line 639, in http_error_default
    raise HTTPError(req.full_url, code, msg, hdrs, fp)
urllib.error.HTTPError: HTTP Error 503: Service Unavailable
[2026-05-19 16:53:42] 🛡️ SKV Evolver v1.1 — Grok-4 + Auto-Trial Trigger (every 4h)
[2026-05-19 16:53:42] System load: 3%
[2026-05-19 16:53:42] ==================================================
[2026-05-19 16:53:42] 🔍 Deep audit cycle — Grok-4 analysis
[2026-05-19 16:53:42] ⚖️ Found 5 cube(s) pending trial
[2026-05-19 16:53:42]   🚀 Triggering trial for test_trial_v2...
[2026-05-19 16:53:42]   ❌ Trial check error: HTTP Error 502: Bad Gateway
[2026-05-19 16:53:42] ❌ Search error: HTTP Error 502: Bad Gateway
[2026-05-19 16:53:42] ❌ No eligible cubes found
[2026-05-19 16:53:42] 💤 Sleeping 4 hours...
[2026-05-19 17:02:32] 🛡️ SKV Evolver v1.1 — Grok-4 + Auto-Trial Trigger (every 4h)
[2026-05-19 17:02:32] System load: 1%
[2026-05-19 17:02:32] ==================================================
[2026-05-19 17:02:32] 🔍 Deep audit cycle — Grok-4 analysis
[2026-05-19 17:02:32] ⚖️ Found 5 cube(s) pending trial
[2026-05-19 17:02:32]   🚀 Triggering trial for test_trial_v2...
[2026-05-19 17:02:32]   ⚖️ Trial complete — Verdict: fix
[2026-05-19 17:02:32]   🚀 Triggering trial for test_trial_auto_001...
[2026-05-19 17:02:32]   ⚖️ Trial complete — Verdict: fix
[2026-05-19 17:02:32]   🚀 Triggering trial for cube_const_anti_jailbreak_v1...
[2026-05-19 17:03:24]   ⚖️ Trial complete — Verdict: fix
[2026-05-19 17:03:24]   🚀 Triggering trial for persona_test_003...
[2026-05-19 17:04:23]   ⚖️ Trial complete — Verdict: fix
[2026-05-19 17:04:23]   🚀 Triggering trial for cube_php_form_addition_01_v1...
[2026-05-19 17:05:09]   ⚖️ Trial complete — Verdict: fix
[2026-05-19 17:05:09]   📦 cube_exp_bureau_chat_v1
